<html>
<body>
<pre>
<h1>µVision Build Log</h1>
<h2>Tool Versions:</h2>
IDE-Version: ¦ÌVision V5.24.2.0
Copyright (C) 2017 ARM Ltd and ARM Germany GmbH. All rights reserved.
License Information: tian Lenovo, 123, LIC=FYKYW-QTD08-30LNC-7PA2R-C6LJK-87QB5
 
Tool Versions:
Toolchain:       MDK-ARM Plus  Version: 5.24.1
Toolchain Path:  F:\tools\keil\ARM\ARMCLANG\Bin
C Compiler:      ArmClang.exe V6.7
Assembler:       Armasm.exe V6.7
Linker/Locator:  ArmLink.exe V6.7
Library Manager: ArmAr.exe V6.7
Hex Converter:   FromElf.exe V6.7
CPU DLL:         SARMCM3.DLL V5.24.1
Dialog DLL:      DCM.DLL V1.16.0.0
Target DLL:      STLink\ST-LINKIII-KEIL_SWO.dll V3.0.1.0
Dialog DLL:      TCM.DLL V1.32.0.0
 
<h2>Project:</h2>
F:\project\git\MPU_OLED\MDK-ARM\MPU_OLED.uvprojx
Project File Date:  01/25/2025

<h2>Output:</h2>
*** Using Compiler 'V6.7', folder: 'F:\tools\keil\ARM\ARMCLANG\Bin'
Rebuild target 'MPU_OLED'
assembling startup_stm32f103xb.s...
compiling stm32f1xx_hal_rcc_ex.c...
compiling stm32f1xx_hal.c...
compiling stm32f1xx_hal_gpio_ex.c...
compiling stm32f1xx_hal_rcc.c...
compiling stm32f1xx_it.c...
compiling stm32f1xx_hal_msp.c...
compiling stm32f1xx_hal_gpio.c...
compiling stm32f1xx_hal_cortex.c...
compiling main.c...
compiling stm32f1xx_hal_dma.c...
compiling stm32f1xx_hal_pwr.c...
../Core/Src/maincpp.cpp:31:36:    oled.OLED_PrintASCIIString(3,0,"Pitch:",&afont16x8,OLED_COLOR_NORMAL);
                                   ^
../Core/Src/maincpp.cpp(35): warning: ISO C++11 does not allow conversion from string literal to 'char *' [-Wwritable-strings]
    oled.OLED_PrintASCIIString(3,20,"roll:",&afont16x8,OLED_COLOR_NORMAL);
                                    ^
../Core/Src/maincpp.cpp(39): warning: ISO C++11 does not allow conversion from string literal to 'char *' [-Wwritable-strings]
    oled.OLED_PrintASCIIString(3,40,"yaw:",&afont16x8,OLED_COLOR_NORMAL);
                                    ^
3 warnings generated.
compiling maincpp.cpp...
compiling stm32f1xx_hal_flash.c...
compiling stm32f1xx_hal_i2c.c...
compiling stm32f1xx_hal_flash_ex.c...
compiling stm32f1xx_hal_exti.c...
compiling stm32f1xx_hal_tim_ex.c...
compiling stm32f1xx_hal_tim.c...
compiling font.c...
compiling system_stm32f1xx.c...
compiling mpu6050.cpp...
compiling oled.cpp...
compiling stm32f1xx_hal_uart.c...
linking...
Program Size: Code=20588 RO-data=2160 RW-data=12 ZI-data=3308  
FromELF: creating hex file...
"MPU_OLED\MPU_OLED.axf" - 0 Error(s), 2 Warning(s).

<h2>Software Packages used:</h2>

Package Vendor: ARM
                http://www.keil.com/pack/ARM.CMSIS.5.0.1.pack
                ARM.CMSIS.5.0.1
                CMSIS (Cortex Microcontroller Software Interface Standard)
   * Component: CORE Version: 5.0.1

Package Vendor: Keil
                http://www.keil.com/pack/Keil.STM32F1xx_DFP.2.2.0.pack
                Keil.STM32F1xx_DFP.2.2.0
                STMicroelectronics STM32F1 Series Device Support, Drivers and Examples

<h2>Collection of Component include folders:</h2>
  .\RTE\_MPU_OLED
  F:\tools\keil\ARM\CMSIS\5.0.1\CMSIS\Include
  F:\tools\keil\Keil\STM32F1xx_DFP\2.2.0\Device\Include

<h2>Collection of Component Files used:</h2>

   * Component: ARM::CMSIS:CORE:5.0.1
Build Time Elapsed:  00:00:03
</pre>
</body>
</html>
